# Not a functional program yet, this Snap package is for reference purposes only.
